GConf2
ImageMagick
adwaita-icon-theme
alternatives
antiword
at-spi2-core
autoconf
autoconf2.1
autoconf2.5
automake
automake1.10
automake1.11
automake1.12
automake1.13
automake1.14
automake1.15
automake1.4
automake1.5
automake1.6
automake1.7
automake1.8
automake1.9
bash-completion
binutils
bvi
ca-certificates
cabextract
colordiff
colorgcc
compositeproto
coreutils
cpio
crypt
csih
curl
cygrunsrv
cygwin-debuginfo
cygwin-devel
damageproto
dbus
dbus-bash-completion
dbus-x11
dconf-service
desktop-file-utils
dialog
diffutils
djvulibre
e2fsprogs
ed
file
findutils
fixesproto
font-adobe-dpi100
font-adobe-dpi75
font-adobe-utopia-dpi100
font-adobe-utopia-dpi75
font-adobe-utopia-type1
font-alias
font-arabic-misc
font-bh-dpi100
font-bh-dpi75
font-bh-lucidatypewriter-dpi100
font-bh-lucidatypewriter-dpi75
font-bh-ttf
font-bh-type1
font-bitstream-dpi100
font-bitstream-dpi75
font-bitstream-speedo
font-bitstream-type1
font-bitstream-vera-ttf
font-cantarell-otf
font-cronyx-cyrillic
font-cursor-misc
font-daewoo-misc
font-dec-misc
font-dejavu-ttf
font-encodings
font-ibm-type1
font-isas-misc
font-jis-misc
font-micro-misc
font-misc-cyrillic
font-misc-ethiopic
font-misc-meltho
font-misc-misc
font-mutt-misc
font-schumacher-misc
font-screen-cyrillic
font-sony-misc
font-sun-misc
font-tektronix-misc
font-util
font-util-debuginfo
font-winitzki-cyrillic
font-xfree86-type1
fontconfig
fslsfonts
gamin
gawk
gcc-core
gconf-desktop-schemas
gcr
gdb
gdk-pixbuf2.0-svg
genisoimage
getent
ghostscript
ghostscript-fonts-other
ghostscript-fonts-std
girepository-GLib2.0
git
git-completion
git-debuginfo
git-gui
git-oodiff
git-review
gitk
glib2.0-networking
gnome-font-viewer
gnome-keyring
gnome-mime-data
groff
gsettings-desktop-schemas
gtk-update-icon-cache
gzip
hicolor-icon-theme
id3v2
info
inputproto
irssi
iso-codes
kbproto
less
lesspipe
libEGL-devel
libEGL1
libEMF1
libFLAC8
libFS6
libGL-devel
libICE6
libIDL2_0
libMagickC++6_5
libMagickCore6_2
libMagickWand6_2
libORBit2_0
libSM6
libX11-devel
libX11-xcb-devel
libXRes1
libXau-devel
libXaw7
libXcomposite-devel
libXcomposite1
libXcursor-devel
libXdamage-devel
libXdamage1
libXdmcp-devel
libXext-devel
libXfixes-devel
libXfont1
libXft-devel
libXft2
libXi-devel
libXi6
libXinerama-devel
libXinerama1
libXmu6
libXpm4
libXrandr-devel
libXrandr2
libXrender-devel
libXss1
libXt6
libXtst6
libarchive13
libargp
libart_lgpl_2_2
libasyncns0
libatk-bridge2.0_0
libatk1.0-devel
libatk1.0_0
libatomic1
libatspi0
libattr1
libautotrace3
libavahi-client3
libavahi-common3
libavahi-glib1
libblkid1
libbonobo2_0
libbonoboui2_0
libbz2-devel
libcairo-devel
libcairo2
libcanberra0
libcharset1
libcloog-isl4
libcom_err-devel
libcroco0.6_3
libcurl-devel
libcurl4
libdatrie1
libdb4.8
libdb4.8-devel
libdbus-glib_1_2
libdbus1_3
libdialog12
libdjvulibre21
libe2p2
libevent2.0_5
libexpat-devel
libexpat1
libext2fs2
libfam0
libffi-devel
libffi6
libfftw3_3
libfontconfig-devel
libfontconfig1
libfpx1
libfreetype-devel
libgailutil18
libgck1_0
libgconf2_4
libgcr3-common
libgcr3_1
libgcrypt-devel
libgcrypt20
libgd3
libgdbm4
libgdk_pixbuf2.0-devel
libgdk_pixbuf2.0_0
libgfortran3
libgif4
libgirepository1.0-devel
libgirepository1.0_1
libglade2.0_0
libglib2.0-devel
libglib2.0_0
libgmp10
libgnome-desktop3-common
libgnome-desktop3_10
libgnome-keyring0
libgnome2_0
libgnomecanvas2_0
libgnomeui2_0
libgnomevfs2_0
libgnutls28
libgomp1
libgpg-error-devel
libgraphite2_3
libgs9
libgsm1
libgssapi_krb5_2
libgssrpc4
libgtk2.0-devel
libgtk2.0_0
libgtk3_0
libguile17
libharfbuzz-devel
libharfbuzz-icu0
libharfbuzz0
libhogweed2
libiconv
libiconv-devel
libicu-devel
libicu55
libid3_3.8.3
libidn-devel
libintl-devel
libiodbc-devel
libiodbc2
libisl10
libjasper1
libjbig2
libjpeg8
libjson-c-common
libjson-c2
libjson-glib1.0_0
libk5crypto3
libkadm5clnt_mit9
libkadm5srv_mit9
libkdb5_8
libkpathsea6
libkrad0
libkrb5-devel
libkrb5_3
libkrb5support0
liblapack0
liblcms2_2
libltdl7
liblzma5
liblzo2_2
libmetalink3
libming1
libmpc3
libmpfr4
libmspack0
libncurses-devel
libncursesw-devel
libnettle4
libnotify
libnotify4
libogg0
libopenldap2_4_2
libopenssl100
libotr-devel
libotr5
libp11-kit0
libpango1.0-devel
libpango1.0_0
libpaper-common
libpaper1
libpcre-devel
libpcre1
libpcre16_0
libpcre32_0
libpcrecpp0
libpcreposix0
libpixman1-devel
libplotter2
libpng-devel
libpng16
libpng16-devel
libpoppler49
libprotobuf8
libproxy1
libpstoedit0
libptexenc1
libpulse0
libquadmath0
librest0.7_0
librsvg2_2
libsasl2-devel
libsasl2_3
libsigsegv2
libsndfile1
libsoup-gnome2.4_1
libsoup2.4_1
libsqlite3_0
libss2
libssh2-devel
libssh2_1
libstartup-notification1_0
libstdc++6
libsynctex1
libtasn1_6
libtdb1
libtexlua52_5
libtexluajit2
libthai0
libtiff6
libtool
libuuid-devel
libuuid1
libverto1
libvorbis
libvorbis0
libvorbisenc2
libvorbisfile3
libvpx1
libvte-devel
libvte9
libwebp5
libwnck3_0
libxcb-devel
libxcb-glx-devel
libxcb-glx0
libxcb-render-devel
libxcb-render0
libxcb-shm-devel
libxml2
libzip2
libzzip0.13
lynx
lzip
lzma
m4
make
mc
mkfontdir
mkfontscale
mosh
multitail
ncurses
notify-osd
odt2txt
openldap-devel
openssl-devel
outguess
p11-kit
p11-kit-trust
p7zip
perl
perl-Archive-Zip
perl-Carp
perl-Encode-Locale
perl-Error
perl-File-Listing
perl-HTML-Parser
perl-HTML-Tagset
perl-HTTP-Cookies
perl-HTTP-Daemon
perl-HTTP-Date
perl-HTTP-Message
perl-HTTP-Negotiate
perl-IO-HTML
perl-IO-Socket-INET6
perl-IO-String
perl-LWP-MediaTypes
perl-Net-HTTP
perl-Proc-ProcessTable
perl-Socket
perl-Socket6
perl-TermReadKey
perl-URI
perl-WWW-RobotRules
perl-XML-Parser
perl-libwww-perl
perl_autorebase
perl_base
pigz
pkg-config
poppler
poppler-data
procps
python
python-bonobo2
python-cairo
python-chardet
python-configobj
python-dbus
python-gconf2
python-gi
python-gi-common
python-gnome2
python-gnomecanvas2
python-gnomevfs2
python-gobject
python-gtk2.0
python-numpy
python-orbit
python-pynotify
python-requests
python-setuptools
python-simplejson
python-six
python-urllib3
python-vte
randrproto
rebase
renderproto
sed
shared-mime-info
socat
sound-theme-freedesktop
tar
tcl
tcl-tk
terminator
texlive
texlive-collection-basic
tzcode
unrtf
unzip
upx
w32api-headers
w32api-runtime
wget
windows-default-manifest
xclip
xextproto
xfontsel
xineramaproto
xlhtml
xproto
xz
zlib
zlib-devel
zsh
